Archive member included because of file (symbol)

d:/programs/atmel studio/atmel/extensions/atmel/avrgcc/3.4.1.95/avrtoolchain/bin/../lib/gcc/avr/4.6.2/avr5\libgcc.a(_udivmodhi4.o)
                              LCD_program.o (__udivmodhi4)
d:/programs/atmel studio/atmel/extensions/atmel/avrgcc/3.4.1.95/avrtoolchain/bin/../lib/gcc/avr/4.6.2/avr5\libgcc.a(_exit.o)
                              d:/programs/atmel studio/atmel/extensions/atmel/avrgcc/3.4.1.95/avrtoolchain/bin/../lib/gcc/avr/4.6.2/../../../../avr/lib/avr5/crtm32.o (exit)
d:/programs/atmel studio/atmel/extensions/atmel/avrgcc/3.4.1.95/avrtoolchain/bin/../lib/gcc/avr/4.6.2/avr5\libgcc.a(_copy_data.o)
                              DIO_program.o (__do_copy_data)
d:/programs/atmel studio/atmel/extensions/atmel/avrgcc/3.4.1.95/avrtoolchain/bin/../lib/gcc/avr/4.6.2/avr5\libgcc.a(_clear_bss.o)
                              DIO_program.o (__do_clear_bss)

Memory Configuration

Name             Origin             Length             Attributes
text             0x00000000         0x00020000         xr
data             0x00800060         0x0000ffa0         rw !x
eeprom           0x00810000         0x00010000         rw !x
fuse             0x00820000         0x00000400         rw !x
lock             0x00830000         0x00000400         rw !x
signature        0x00840000         0x00000400         rw !x
*default*        0x00000000         0xffffffff

Linker script and memory map

LOAD d:/programs/atmel studio/atmel/extensions/atmel/avrgcc/3.4.1.95/avrtoolchain/bin/../lib/gcc/avr/4.6.2/../../../../avr/lib/avr5/crtm32.o
LOAD DIO_program.o
LOAD EEPROM_program.o
LOAD GIE_program.o
LOAD KYP_program.o
LOAD LCD_program.o
LOAD SMART_Master.o
LOAD SPI_program.o
LOAD TMR0_program.o
START GROUP
LOAD d:/programs/atmel studio/atmel/extensions/atmel/avrgcc/3.4.1.95/avrtoolchain/bin/../lib/gcc/avr/4.6.2/../../../../avr/lib/avr5\libm.a
END GROUP
LOAD d:/programs/atmel studio/atmel/extensions/atmel/avrgcc/3.4.1.95/avrtoolchain/bin/../lib/gcc/avr/4.6.2/avr5\libgcc.a
LOAD d:/programs/atmel studio/atmel/extensions/atmel/avrgcc/3.4.1.95/avrtoolchain/bin/../lib/gcc/avr/4.6.2/../../../../avr/lib/avr5\libc.a
LOAD d:/programs/atmel studio/atmel/extensions/atmel/avrgcc/3.4.1.95/avrtoolchain/bin/../lib/gcc/avr/4.6.2/avr5\libgcc.a

.hash
 *(.hash)

.dynsym
 *(.dynsym)

.dynstr
 *(.dynstr)

.gnu.version
 *(.gnu.version)

.gnu.version_d
 *(.gnu.version_d)

.gnu.version_r
 *(.gnu.version_r)

.rel.init
 *(.rel.init)

.rela.init
 *(.rela.init)

.rel.text
 *(.rel.text)
 *(.rel.text.*)
 *(.rel.gnu.linkonce.t*)

.rela.text
 *(.rela.text)
 *(.rela.text.*)
 *(.rela.gnu.linkonce.t*)

.rel.fini
 *(.rel.fini)

.rela.fini
 *(.rela.fini)

.rel.rodata
 *(.rel.rodata)
 *(.rel.rodata.*)
 *(.rel.gnu.linkonce.r*)

.rela.rodata
 *(.rela.rodata)
 *(.rela.rodata.*)
 *(.rela.gnu.linkonce.r*)

.rel.data
 *(.rel.data)
 *(.rel.data.*)
 *(.rel.gnu.linkonce.d*)

.rela.data
 *(.rela.data)
 *(.rela.data.*)
 *(.rela.gnu.linkonce.d*)

.rel.ctors
 *(.rel.ctors)

.rela.ctors
 *(.rela.ctors)

.rel.dtors
 *(.rel.dtors)

.rela.dtors
 *(.rela.dtors)

.rel.got
 *(.rel.got)

.rela.got
 *(.rela.got)

.rel.bss
 *(.rel.bss)

.rela.bss
 *(.rela.bss)

.rel.plt
 *(.rel.plt)

.rela.plt
 *(.rela.plt)

.text           0x00000000     0x17be
 *(.vectors)
 .vectors       0x00000000       0x54 d:/programs/atmel studio/atmel/extensions/atmel/avrgcc/3.4.1.95/avrtoolchain/bin/../lib/gcc/avr/4.6.2/../../../../avr/lib/avr5/crtm32.o
                0x00000000                __vector_default
                0x00000000                __vectors
 *(.vectors)
 *(.progmem.gcc*)
 *(.progmem*)
                0x00000054                . = ALIGN (0x2)
                0x00000054                __trampolines_start = .
 *(.trampolines)
 .trampolines   0x00000054        0x0 linker stubs
 *(.trampolines*)
                0x00000054                __trampolines_end = .
 *(.jumptables)
 *(.jumptables*)
 *(.lowtext)
 *(.lowtext*)
                0x00000054                __ctors_start = .
 *(.ctors)
                0x00000054                __ctors_end = .
                0x00000054                __dtors_start = .
 *(.dtors)
                0x00000054                __dtors_end = .
 SORT(*)(.ctors)
 SORT(*)(.dtors)
 *(.init0)
 .init0         0x00000054        0x0 d:/programs/atmel studio/atmel/extensions/atmel/avrgcc/3.4.1.95/avrtoolchain/bin/../lib/gcc/avr/4.6.2/../../../../avr/lib/avr5/crtm32.o
                0x00000054                __init
 *(.init0)
 *(.init1)
 *(.init1)
 *(.init2)
 .init2         0x00000054        0xc d:/programs/atmel studio/atmel/extensions/atmel/avrgcc/3.4.1.95/avrtoolchain/bin/../lib/gcc/avr/4.6.2/../../../../avr/lib/avr5/crtm32.o
 *(.init2)
 *(.init3)
 *(.init3)
 *(.init4)
 .init4         0x00000060       0x16 d:/programs/atmel studio/atmel/extensions/atmel/avrgcc/3.4.1.95/avrtoolchain/bin/../lib/gcc/avr/4.6.2/avr5\libgcc.a(_copy_data.o)
                0x00000060                __do_copy_data
 .init4         0x00000076       0x10 d:/programs/atmel studio/atmel/extensions/atmel/avrgcc/3.4.1.95/avrtoolchain/bin/../lib/gcc/avr/4.6.2/avr5\libgcc.a(_clear_bss.o)
                0x00000076                __do_clear_bss
 *(.init4)
 *(.init5)
 *(.init5)
 *(.init6)
 *(.init6)
 *(.init7)
 *(.init7)
 *(.init8)
 *(.init8)
 *(.init9)
 .init9         0x00000086        0x8 d:/programs/atmel studio/atmel/extensions/atmel/avrgcc/3.4.1.95/avrtoolchain/bin/../lib/gcc/avr/4.6.2/../../../../avr/lib/avr5/crtm32.o
 *(.init9)
 *(.text)
 .text          0x0000008e        0x4 d:/programs/atmel studio/atmel/extensions/atmel/avrgcc/3.4.1.95/avrtoolchain/bin/../lib/gcc/avr/4.6.2/../../../../avr/lib/avr5/crtm32.o
                0x0000008e                __vector_1
                0x0000008e                __vector_12
                0x0000008e                __bad_interrupt
                0x0000008e                __vector_6
                0x0000008e                __vector_3
                0x0000008e                __vector_13
                0x0000008e                __vector_17
                0x0000008e                __vector_19
                0x0000008e                __vector_7
                0x0000008e                __vector_5
                0x0000008e                __vector_4
                0x0000008e                __vector_9
                0x0000008e                __vector_2
                0x0000008e                __vector_15
                0x0000008e                __vector_8
                0x0000008e                __vector_14
                0x0000008e                __vector_16
                0x0000008e                __vector_18
                0x0000008e                __vector_20
 .text          0x00000092      0x592 DIO_program.o
                0x00000092                DIO_vSetPinDir
                0x000001b4                DIO_vWritePin
                0x000002d6                DIO_vTogglePin
                0x00000370                DIO_u8ReadPin
                0x000003f8                DIO_vSetPortDir
                0x00000436                DIO_vWritePort
                0x00000474                DIO_vTogglePort
                0x000004c2                DIO_u8ReadPort
                0x00000502                DIO_vConnectPullUp
 .text          0x00000624       0x20 EEPROM_program.o
                0x00000624                EEPROM_vWrite
                0x00000636                EEPROM_vREAD
 .text          0x00000644       0x10 GIE_program.o
                0x00000644                GIE_EnableInterrupt
                0x0000064c                GIE_DisableInterrupt
 .text          0x00000654       0xf6 KYP_program.o
                0x00000654                KYP_vInit
                0x000006ae                KYP_u8CheckPress
 .text          0x0000074a      0x328 LCD_program.o
                0x00000778                LCD_vSendCmd
                0x0000081e                LCD_vInit
                0x000008dc                LCD_vSendData
                0x00000982                LCD_vClearScreen
                0x0000098a                LCD_vMoveCursor
                0x000009c4                LCD_vSendString
                0x000009e2                LCD_vSendNumber
 .text          0x00000a72      0xbc2 SMART_Master.o
                0x00000a72                TMR0_ISR
                0x00000a86                main
 .text          0x00001634       0x84 SPI_program.o
                0x00001634                SPI_vInit
                0x0000166e                SPI_u8Tranceiver
                0x00001688                SPI_vMasterSendString
 .text          0x000016b8       0xda TMR0_program.o
                0x000016b8                TMR0_OVF_SetCallBack
                0x000016c2                TMR0_COMP_SetCallBack
                0x000016cc                TMR0_vInit
                0x000016ee                __vector_10
                0x00001740                __vector_11
 .text          0x00001792        0x0 d:/programs/atmel studio/atmel/extensions/atmel/avrgcc/3.4.1.95/avrtoolchain/bin/../lib/gcc/avr/4.6.2/avr5\libgcc.a(_udivmodhi4.o)
 .text          0x00001792        0x0 d:/programs/atmel studio/atmel/extensions/atmel/avrgcc/3.4.1.95/avrtoolchain/bin/../lib/gcc/avr/4.6.2/avr5\libgcc.a(_exit.o)
 .text          0x00001792        0x0 d:/programs/atmel studio/atmel/extensions/atmel/avrgcc/3.4.1.95/avrtoolchain/bin/../lib/gcc/avr/4.6.2/avr5\libgcc.a(_copy_data.o)
 .text          0x00001792        0x0 d:/programs/atmel studio/atmel/extensions/atmel/avrgcc/3.4.1.95/avrtoolchain/bin/../lib/gcc/avr/4.6.2/avr5\libgcc.a(_clear_bss.o)
                0x00001792                . = ALIGN (0x2)
 *(.text.*)
 .text.libgcc   0x00001792       0x28 d:/programs/atmel studio/atmel/extensions/atmel/avrgcc/3.4.1.95/avrtoolchain/bin/../lib/gcc/avr/4.6.2/avr5\libgcc.a(_udivmodhi4.o)
                0x00001792                __udivmodhi4
 .text.libgcc   0x000017ba        0x0 d:/programs/atmel studio/atmel/extensions/atmel/avrgcc/3.4.1.95/avrtoolchain/bin/../lib/gcc/avr/4.6.2/avr5\libgcc.a(_exit.o)
 .text.libgcc   0x000017ba        0x0 d:/programs/atmel studio/atmel/extensions/atmel/avrgcc/3.4.1.95/avrtoolchain/bin/../lib/gcc/avr/4.6.2/avr5\libgcc.a(_copy_data.o)
 .text.libgcc   0x000017ba        0x0 d:/programs/atmel studio/atmel/extensions/atmel/avrgcc/3.4.1.95/avrtoolchain/bin/../lib/gcc/avr/4.6.2/avr5\libgcc.a(_clear_bss.o)
                0x000017ba                . = ALIGN (0x2)
 *(.fini9)
 .fini9         0x000017ba        0x0 d:/programs/atmel studio/atmel/extensions/atmel/avrgcc/3.4.1.95/avrtoolchain/bin/../lib/gcc/avr/4.6.2/avr5\libgcc.a(_exit.o)
                0x000017ba                _exit
                0x000017ba                exit
 *(.fini9)
 *(.fini8)
 *(.fini8)
 *(.fini7)
 *(.fini7)
 *(.fini6)
 *(.fini6)
 *(.fini5)
 *(.fini5)
 *(.fini4)
 *(.fini4)
 *(.fini3)
 *(.fini3)
 *(.fini2)
 *(.fini2)
 *(.fini1)
 *(.fini1)
 *(.fini0)
 .fini0         0x000017ba        0x4 d:/programs/atmel studio/atmel/extensions/atmel/avrgcc/3.4.1.95/avrtoolchain/bin/../lib/gcc/avr/4.6.2/avr5\libgcc.a(_exit.o)
 *(.fini0)
                0x000017be                _etext = .

.data           0x00800060      0x230 load address 0x000017be
                0x00800060                PROVIDE (__data_start, .)
 *(.data)
 .data          0x00800060        0x0 d:/programs/atmel studio/atmel/extensions/atmel/avrgcc/3.4.1.95/avrtoolchain/bin/../lib/gcc/avr/4.6.2/../../../../avr/lib/avr5/crtm32.o
 .data          0x00800060        0x0 DIO_program.o
 .data          0x00800060        0x0 EEPROM_program.o
 .data          0x00800060        0x0 GIE_program.o
 .data          0x00800060       0x10 KYP_program.o
 .data          0x00800070        0x0 LCD_program.o
 .data          0x00800070      0x21f SMART_Master.o
 .data          0x0080028f        0x0 SPI_program.o
 .data          0x0080028f        0x0 TMR0_program.o
 .data          0x0080028f        0x0 d:/programs/atmel studio/atmel/extensions/atmel/avrgcc/3.4.1.95/avrtoolchain/bin/../lib/gcc/avr/4.6.2/avr5\libgcc.a(_udivmodhi4.o)
 .data          0x0080028f        0x0 d:/programs/atmel studio/atmel/extensions/atmel/avrgcc/3.4.1.95/avrtoolchain/bin/../lib/gcc/avr/4.6.2/avr5\libgcc.a(_exit.o)
 .data          0x0080028f        0x0 d:/programs/atmel studio/atmel/extensions/atmel/avrgcc/3.4.1.95/avrtoolchain/bin/../lib/gcc/avr/4.6.2/avr5\libgcc.a(_copy_data.o)
 .data          0x0080028f        0x0 d:/programs/atmel studio/atmel/extensions/atmel/avrgcc/3.4.1.95/avrtoolchain/bin/../lib/gcc/avr/4.6.2/avr5\libgcc.a(_clear_bss.o)
 *(.data*)
 *(.rodata)
 *(.rodata*)
 *(.gnu.linkonce.d*)
                0x00800290                . = ALIGN (0x2)
 *fill*         0x0080028f        0x1 00
                0x00800290                _edata = .
                0x00800290                PROVIDE (__data_end, .)

.bss            0x00800290        0x6
                0x00800290                PROVIDE (__bss_start, .)
 *(.bss)
 .bss           0x00800290        0x0 d:/programs/atmel studio/atmel/extensions/atmel/avrgcc/3.4.1.95/avrtoolchain/bin/../lib/gcc/avr/4.6.2/../../../../avr/lib/avr5/crtm32.o
 .bss           0x00800290        0x0 DIO_program.o
 .bss           0x00800290        0x0 EEPROM_program.o
 .bss           0x00800290        0x0 GIE_program.o
 .bss           0x00800290        0x0 KYP_program.o
 .bss           0x00800290        0x0 LCD_program.o
 .bss           0x00800290        0x2 SMART_Master.o
                0x00800290                TMR0_counter
 .bss           0x00800292        0x0 SPI_program.o
 .bss           0x00800292        0x4 TMR0_program.o
                0x00800292                GP_TMR0_COMP
                0x00800294                GP_TMR0_OVF
 .bss           0x00800296        0x0 d:/programs/atmel studio/atmel/extensions/atmel/avrgcc/3.4.1.95/avrtoolchain/bin/../lib/gcc/avr/4.6.2/avr5\libgcc.a(_udivmodhi4.o)
 .bss           0x00800296        0x0 d:/programs/atmel studio/atmel/extensions/atmel/avrgcc/3.4.1.95/avrtoolchain/bin/../lib/gcc/avr/4.6.2/avr5\libgcc.a(_exit.o)
 .bss           0x00800296        0x0 d:/programs/atmel studio/atmel/extensions/atmel/avrgcc/3.4.1.95/avrtoolchain/bin/../lib/gcc/avr/4.6.2/avr5\libgcc.a(_copy_data.o)
 .bss           0x00800296        0x0 d:/programs/atmel studio/atmel/extensions/atmel/avrgcc/3.4.1.95/avrtoolchain/bin/../lib/gcc/avr/4.6.2/avr5\libgcc.a(_clear_bss.o)
 *(.bss*)
 *(COMMON)
                0x00800296                PROVIDE (__bss_end, .)
                0x000017be                __data_load_start = LOADADDR (.data)
                0x000019ee                __data_load_end = (__data_load_start + SIZEOF (.data))

.noinit         0x00800296        0x0
                0x00800296                PROVIDE (__noinit_start, .)
 *(.noinit*)
                0x00800296                PROVIDE (__noinit_end, .)
                0x00800296                _end = .
                0x00800296                PROVIDE (__heap_start, .)

.eeprom         0x00810000        0x0
 *(.eeprom*)
                0x00810000                __eeprom_end = .

.fuse
 *(.fuse)
 *(.lfuse)
 *(.hfuse)
 *(.efuse)

.lock
 *(.lock*)

.signature
 *(.signature*)

.stab           0x00000000      0x6cc
 *(.stab)
 .stab          0x00000000      0x6cc d:/programs/atmel studio/atmel/extensions/atmel/avrgcc/3.4.1.95/avrtoolchain/bin/../lib/gcc/avr/4.6.2/../../../../avr/lib/avr5/crtm32.o

.stabstr        0x00000000       0x85
 *(.stabstr)
 .stabstr       0x00000000       0x85 d:/programs/atmel studio/atmel/extensions/atmel/avrgcc/3.4.1.95/avrtoolchain/bin/../lib/gcc/avr/4.6.2/../../../../avr/lib/avr5/crtm32.o

.stab.excl
 *(.stab.excl)

.stab.exclstr
 *(.stab.exclstr)

.stab.index
 *(.stab.index)

.stab.indexstr
 *(.stab.indexstr)

.comment
 *(.comment)

.debug
 *(.debug)

.line
 *(.line)

.debug_srcinfo
 *(.debug_srcinfo)

.debug_sfnames
 *(.debug_sfnames)

.debug_aranges  0x00000000      0x180
 *(.debug_aranges)
 .debug_aranges
                0x00000000       0x20 DIO_program.o
 .debug_aranges
                0x00000020       0x20 EEPROM_program.o
 .debug_aranges
                0x00000040       0x20 GIE_program.o
 .debug_aranges
                0x00000060       0x20 KYP_program.o
 .debug_aranges
                0x00000080       0x20 LCD_program.o
 .debug_aranges
                0x000000a0       0x20 SMART_Master.o
 .debug_aranges
                0x000000c0       0x20 SPI_program.o
 .debug_aranges
                0x000000e0       0x20 TMR0_program.o
 .debug_aranges
                0x00000100       0x20 d:/programs/atmel studio/atmel/extensions/atmel/avrgcc/3.4.1.95/avrtoolchain/bin/../lib/gcc/avr/4.6.2/avr5\libgcc.a(_udivmodhi4.o)
 .debug_aranges
                0x00000120       0x20 d:/programs/atmel studio/atmel/extensions/atmel/avrgcc/3.4.1.95/avrtoolchain/bin/../lib/gcc/avr/4.6.2/avr5\libgcc.a(_exit.o)
 .debug_aranges
                0x00000140       0x20 d:/programs/atmel studio/atmel/extensions/atmel/avrgcc/3.4.1.95/avrtoolchain/bin/../lib/gcc/avr/4.6.2/avr5\libgcc.a(_copy_data.o)
 .debug_aranges
                0x00000160       0x20 d:/programs/atmel studio/atmel/extensions/atmel/avrgcc/3.4.1.95/avrtoolchain/bin/../lib/gcc/avr/4.6.2/avr5\libgcc.a(_clear_bss.o)

.debug_pubnames
 *(.debug_pubnames)

.debug_info     0x00000000     0x1c6e
 *(.debug_info)
 .debug_info    0x00000000      0x29d DIO_program.o
 .debug_info    0x0000029d       0xe1 EEPROM_program.o
 .debug_info    0x0000037e       0xa1 GIE_program.o
 .debug_info    0x0000041f      0x111 KYP_program.o
 .debug_info    0x00000530      0x449 LCD_program.o
 .debug_info    0x00000979      0xc94 SMART_Master.o
 .debug_info    0x0000160d      0x19b SPI_program.o
 .debug_info    0x000017a8      0x152 TMR0_program.o
 .debug_info    0x000018fa       0xdd d:/programs/atmel studio/atmel/extensions/atmel/avrgcc/3.4.1.95/avrtoolchain/bin/../lib/gcc/avr/4.6.2/avr5\libgcc.a(_udivmodhi4.o)
 .debug_info    0x000019d7       0xdd d:/programs/atmel studio/atmel/extensions/atmel/avrgcc/3.4.1.95/avrtoolchain/bin/../lib/gcc/avr/4.6.2/avr5\libgcc.a(_exit.o)
 .debug_info    0x00001ab4       0xdd d:/programs/atmel studio/atmel/extensions/atmel/avrgcc/3.4.1.95/avrtoolchain/bin/../lib/gcc/avr/4.6.2/avr5\libgcc.a(_copy_data.o)
 .debug_info    0x00001b91       0xdd d:/programs/atmel studio/atmel/extensions/atmel/avrgcc/3.4.1.95/avrtoolchain/bin/../lib/gcc/avr/4.6.2/avr5\libgcc.a(_clear_bss.o)
 *(.gnu.linkonce.wi.*)

.debug_abbrev   0x00000000      0x70e
 *(.debug_abbrev)
 .debug_abbrev  0x00000000       0xd5 DIO_program.o
 .debug_abbrev  0x000000d5       0x78 EEPROM_program.o
 .debug_abbrev  0x0000014d       0x41 GIE_program.o
 .debug_abbrev  0x0000018e       0x8a KYP_program.o
 .debug_abbrev  0x00000218      0x17b LCD_program.o
 .debug_abbrev  0x00000393      0x177 SMART_Master.o
 .debug_abbrev  0x0000050a      0x108 SPI_program.o
 .debug_abbrev  0x00000612       0xac TMR0_program.o
 .debug_abbrev  0x000006be       0x14 d:/programs/atmel studio/atmel/extensions/atmel/avrgcc/3.4.1.95/avrtoolchain/bin/../lib/gcc/avr/4.6.2/avr5\libgcc.a(_udivmodhi4.o)
 .debug_abbrev  0x000006d2       0x14 d:/programs/atmel studio/atmel/extensions/atmel/avrgcc/3.4.1.95/avrtoolchain/bin/../lib/gcc/avr/4.6.2/avr5\libgcc.a(_exit.o)
 .debug_abbrev  0x000006e6       0x14 d:/programs/atmel studio/atmel/extensions/atmel/avrgcc/3.4.1.95/avrtoolchain/bin/../lib/gcc/avr/4.6.2/avr5\libgcc.a(_copy_data.o)
 .debug_abbrev  0x000006fa       0x14 d:/programs/atmel studio/atmel/extensions/atmel/avrgcc/3.4.1.95/avrtoolchain/bin/../lib/gcc/avr/4.6.2/avr5\libgcc.a(_clear_bss.o)

.debug_line     0x00000000      0xd31
 *(.debug_line)
 .debug_line    0x00000000       0xb8 DIO_program.o
 .debug_line    0x000000b8       0x63 EEPROM_program.o
 .debug_line    0x0000011b       0x51 GIE_program.o
 .debug_line    0x0000016c       0x6b KYP_program.o
 .debug_line    0x000001d7      0x221 LCD_program.o
 .debug_line    0x000003f8      0x508 SMART_Master.o
 .debug_line    0x00000900      0x18a SPI_program.o
 .debug_line    0x00000a8a       0x66 TMR0_program.o
 .debug_line    0x00000af0       0x9a d:/programs/atmel studio/atmel/extensions/atmel/avrgcc/3.4.1.95/avrtoolchain/bin/../lib/gcc/avr/4.6.2/avr5\libgcc.a(_udivmodhi4.o)
 .debug_line    0x00000b8a       0x88 d:/programs/atmel studio/atmel/extensions/atmel/avrgcc/3.4.1.95/avrtoolchain/bin/../lib/gcc/avr/4.6.2/avr5\libgcc.a(_exit.o)
 .debug_line    0x00000c12       0x91 d:/programs/atmel studio/atmel/extensions/atmel/avrgcc/3.4.1.95/avrtoolchain/bin/../lib/gcc/avr/4.6.2/avr5\libgcc.a(_copy_data.o)
 .debug_line    0x00000ca3       0x8e d:/programs/atmel studio/atmel/extensions/atmel/avrgcc/3.4.1.95/avrtoolchain/bin/../lib/gcc/avr/4.6.2/avr5\libgcc.a(_clear_bss.o)

.debug_frame    0x00000000      0x3ac
 *(.debug_frame)
 .debug_frame   0x00000000       0xa4 DIO_program.o
 .debug_frame   0x000000a4       0x34 EEPROM_program.o
 .debug_frame   0x000000d8       0x34 GIE_program.o
 .debug_frame   0x0000010c       0x4c KYP_program.o
 .debug_frame   0x00000158       0xc4 LCD_program.o
 .debug_frame   0x0000021c       0x44 SMART_Master.o
 .debug_frame   0x00000260       0x58 SPI_program.o
 .debug_frame   0x000002b8       0xf4 TMR0_program.o

.debug_str      0x00000000      0x527
 *(.debug_str)
 .debug_str     0x00000000      0x1be DIO_program.o
                                0x1e5 (size before relaxing)
 .debug_str     0x000001be       0x54 EEPROM_program.o
                                0x14c (size before relaxing)
 .debug_str     0x00000212       0x3c GIE_program.o
                                0x134 (size before relaxing)
 .debug_str     0x0000024e       0x61 KYP_program.o
                                0x166 (size before relaxing)
 .debug_str     0x000002af      0x124 LCD_program.o
                                0x23c (size before relaxing)
 .debug_str     0x000003d3       0x74 SMART_Master.o
                                0x1db (size before relaxing)
 .debug_str     0x00000447       0x65 SPI_program.o
                                0x1cb (size before relaxing)
 .debug_str     0x000004ac       0x7b TMR0_program.o
                                0x173 (size before relaxing)

.debug_loc      0x00000000     0x1ac7
 *(.debug_loc)
 .debug_loc     0x00000000      0x4ab DIO_program.o
 .debug_loc     0x000004ab       0x48 EEPROM_program.o
 .debug_loc     0x000004f3      0x130 KYP_program.o
 .debug_loc     0x00000623      0x1c5 LCD_program.o
 .debug_loc     0x000007e8     0x105e SMART_Master.o
 .debug_loc     0x00001846       0xeb SPI_program.o
 .debug_loc     0x00001931      0x196 TMR0_program.o

.debug_macinfo
 *(.debug_macinfo)
OUTPUT(SMART_Master.elf elf32-avr)
LOAD linker stubs
